<?xml version="1.0" encoding="UTF-8"?>
<testsuites>
  <testsuite name="F:\Coding\PHP\Alanvdb\dependency-container\phpunit.xml" tests="14" assertions="24" errors="0" failures="0" skipped="0" time="0.692075">
    <testsuite name="Application Test Suite" tests="14" assertions="24" errors="0" failures="0" skipped="0" time="0.692075">
      <testsuite name="AlanVdb\Tests\Dependency\ContainerFactoryTest" file="F:\Coding\PHP\Alanvdb\dependency-container\tests\unit\ContainerFactoryTest.php" tests="2" assertions="5" errors="0" failures="0" skipped="0" time="0.447153">
        <testcase name="testCreateLazyContainer" file="F:\Coding\PHP\Alanvdb\dependency-container\tests\unit\ContainerFactoryTest.php" line="14" class="AlanVdb\Tests\Dependency\ContainerFactoryTest" classname="AlanVdb.Tests.Dependency.ContainerFactoryTest" assertions="2" time="0.374600"/>
        <testcase name="testCreateIterableLazyContainer" file="F:\Coding\PHP\Alanvdb\dependency-container\tests\unit\ContainerFactoryTest.php" line="23" class="AlanVdb\Tests\Dependency\ContainerFactoryTest" classname="AlanVdb.Tests.Dependency.ContainerFactoryTest" assertions="3" time="0.072553"/>
      </testsuite>
      <testsuite name="AlanVdb\Tests\Dependency\IterableLazyContainerTest" file="F:\Coding\PHP\Alanvdb\dependency-container\tests\unit\IterableLazyContainerTest.php" tests="7" assertions="10" errors="0" failures="0" skipped="0" time="0.158130">
        <testcase name="testSetAndGet" file="F:\Coding\PHP\Alanvdb\dependency-container\tests\unit\IterableLazyContainerTest.php" line="12" class="AlanVdb\Tests\Dependency\IterableLazyContainerTest" classname="AlanVdb.Tests.Dependency.IterableLazyContainerTest" assertions="2" time="0.019847"/>
        <testcase name="testSetDuplicateServiceThrowsException" file="F:\Coding\PHP\Alanvdb\dependency-container\tests\unit\IterableLazyContainerTest.php" line="23" class="AlanVdb\Tests\Dependency\IterableLazyContainerTest" classname="AlanVdb.Tests.Dependency.IterableLazyContainerTest" assertions="1" time="0.020733"/>
        <testcase name="testGetNonExistentServiceThrowsException" file="F:\Coding\PHP\Alanvdb\dependency-container\tests\unit\IterableLazyContainerTest.php" line="37" class="AlanVdb\Tests\Dependency\IterableLazyContainerTest" classname="AlanVdb.Tests.Dependency.IterableLazyContainerTest" assertions="1" time="0.029049"/>
        <testcase name="testServiceIsSingleton" file="F:\Coding\PHP\Alanvdb\dependency-container\tests\unit\IterableLazyContainerTest.php" line="45" class="AlanVdb\Tests\Dependency\IterableLazyContainerTest" classname="AlanVdb.Tests.Dependency.IterableLazyContainerTest" assertions="1" time="0.025167"/>
        <testcase name="testIteration" file="F:\Coding\PHP\Alanvdb\dependency-container\tests\unit\IterableLazyContainerTest.php" line="58" class="AlanVdb\Tests\Dependency\IterableLazyContainerTest" classname="AlanVdb.Tests.Dependency.IterableLazyContainerTest" assertions="1" time="0.006832"/>
        <testcase name="testRewind" file="F:\Coding\PHP\Alanvdb\dependency-container\tests\unit\IterableLazyContainerTest.php" line="81" class="AlanVdb\Tests\Dependency\IterableLazyContainerTest" classname="AlanVdb.Tests.Dependency.IterableLazyContainerTest" assertions="2" time="0.006138"/>
        <testcase name="testValid" file="F:\Coding\PHP\Alanvdb\dependency-container\tests\unit\IterableLazyContainerTest.php" line="100" class="AlanVdb\Tests\Dependency\IterableLazyContainerTest" classname="AlanVdb.Tests.Dependency.IterableLazyContainerTest" assertions="2" time="0.050364"/>
      </testsuite>
      <testsuite name="AlanVdb\Tests\Dependency\LazyContainerTest" file="F:\Coding\PHP\Alanvdb\dependency-container\tests\unit\LazyContainerTest.php" tests="5" assertions="9" errors="0" failures="0" skipped="0" time="0.086792">
        <testcase name="testSetAndGet" file="F:\Coding\PHP\Alanvdb\dependency-container\tests\unit\LazyContainerTest.php" line="12" class="AlanVdb\Tests\Dependency\LazyContainerTest" classname="AlanVdb.Tests.Dependency.LazyContainerTest" assertions="2" time="0.013050"/>
        <testcase name="testSetDuplicateServiceThrowsException" file="F:\Coding\PHP\Alanvdb\dependency-container\tests\unit\LazyContainerTest.php" line="23" class="AlanVdb\Tests\Dependency\LazyContainerTest" classname="AlanVdb.Tests.Dependency.LazyContainerTest" assertions="2" time="0.008614"/>
        <testcase name="testSetWithEmptyIdThrowsException" file="F:\Coding\PHP\Alanvdb\dependency-container\tests\unit\LazyContainerTest.php" line="38" class="AlanVdb\Tests\Dependency\LazyContainerTest" classname="AlanVdb.Tests.Dependency.LazyContainerTest" assertions="2" time="0.021475"/>
        <testcase name="testGetNonExistentServiceThrowsException" file="F:\Coding\PHP\Alanvdb\dependency-container\tests\unit\LazyContainerTest.php" line="49" class="AlanVdb\Tests\Dependency\LazyContainerTest" classname="AlanVdb.Tests.Dependency.LazyContainerTest" assertions="2" time="0.017877"/>
        <testcase name="testServiceIsSingleton" file="F:\Coding\PHP\Alanvdb\dependency-container\tests\unit\LazyContainerTest.php" line="58" class="AlanVdb\Tests\Dependency\LazyContainerTest" classname="AlanVdb.Tests.Dependency.LazyContainerTest" assertions="1" time="0.025776"/>
      </testsuite>
    </testsuite>
  </testsuite>
</testsuites>
